// Jest Snapshot v1, https://goo.gl/fbAQLP

exports[`renders add task unchanged 1`] = `
<div>
  <form
    class="addTask"
  >
    <input
      class="input"
      data-testid="input"
      placeholder="Add your task"
      value=""
    />
    <button
      class="addButton"
      data-testid="add-button"
      type="submit"
    >
      Add
    </button>
  </form>
</div>
`;
